I'm sorry, but errors were detected in your script. Please correct the
errors listed below, and try again.


File "game/script.rpy", line 249: expected statement.
    menu_position = {
                  ^
     "Иконка 1": (0, 0),
     "Иконка 2": (0, 1),
     "Иконка 3": (1, 0),
     "Иконка 4": (1, 1)
     }

Ren'Py Version: Ren'Py 8.2.4.24080301+nightly
Wed Aug 28 21:05:47 2024
